Rendering to 1024x1024 image
Loaded scene with 10000 circles
Loaded scene with 10000 circles
---------------------------------------------------------
Initializing CUDA for CudaRenderer
Found 1 CUDA devices
Device 0: Tesla T4
   SMs:        40
   Global mem: 14914 MB
   CUDA Cap:   7.5
---------------------------------------------------------

Running benchmark, 1 frames, beginning at frame 0 ...
Dumping frames to output_xxx.ppm
Copying image data from device
Wrote image file output_0000.ppm
Copying image data from device
Mismatch detected at pixel [0][32], value = 0.542907, expected 0.673142 for color Red
Mismatch detected at pixel [0][32], value = 0.908491, expected 0.695902 for color Blue
Mismatch detected at pixel [0][33], value = 0.542907, expected 0.673142 for color Red
Mismatch detected at pixel [0][33], value = 0.908491, expected 0.695902 for color Blue
Mismatch detected at pixel [0][34], value = 0.542907, expected 0.673142 for color Red
Mismatch detected at pixel [0][34], value = 0.908491, expected 0.695902 for color Blue
ERROR : Mismatch detected between reference and actual
