Rendering to 1024x1024 image
Loaded scene with 1000000 circles
Loaded scene with 1000000 circles
---------------------------------------------------------
Initializing CUDA for CudaRenderer
Found 1 CUDA devices
Device 0: Tesla T4
   SMs:        40
   Global mem: 14914 MB
   CUDA Cap:   7.5
---------------------------------------------------------

Running benchmark, 1 frames, beginning at frame 0 ...
Dumping frames to output_xxx.ppm
Copying image data from device
Wrote image file output_0000.ppm
Copying image data from device
Mismatch detected at pixel [0][0], value = 0.726280, expected 0.867277 for color Green
Mismatch detected at pixel [0][0], value = 0.230345, expected 0.363898 for color Blue
Mismatch detected at pixel [0][1], value = 0.719543, expected 0.867277 for color Green
Mismatch detected at pixel [0][1], value = 0.224703, expected 0.363898 for color Blue
Mismatch detected at pixel [0][2], value = 0.719543, expected 0.867273 for color Green
Mismatch detected at pixel [0][2], value = 0.224703, expected 0.363901 for color Blue
ERROR : Mismatch detected between reference and actual
