Rendering to 1024x1024 image
Loaded scene with 10000 circles
Loaded scene with 10000 circles
---------------------------------------------------------
Initializing CUDA for CudaRenderer
Found 1 CUDA devices
Device 0: Tesla T4
   SMs:        40
   Global mem: 14914 MB
   CUDA Cap:   7.5
---------------------------------------------------------

Running benchmark, 1 frames, beginning at frame 0 ...
Dumping frames to output_xxx.ppm
Copying image data from device
Wrote image file output_0000.ppm
Copying image data from device
Mismatch detected at pixel [0][352], value = 0.426956, expected 0.264492 for color Red
Mismatch detected at pixel [0][352], value = 0.582948, expected 0.351670 for color Green
Mismatch detected at pixel [0][352], value = 0.598446, expected 0.734087 for color Blue
Mismatch detected at pixel [0][353], value = 0.423396, expected 0.249186 for color Red
Mismatch detected at pixel [0][353], value = 0.584890, expected 0.379826 for color Green
Mismatch detected at pixel [0][353], value = 0.597239, expected 0.725026 for color Blue
ERROR : Mismatch detected between reference and actual
